---
source: workspaces/optic-engine-native/tests/domain-conflict-scenarios-generated.rs
expression: "Dot::with_config(&spec_projection.conflicts().graph, &[])"
---
digraph {
    0 [ label = "Path(\l    \"/\",\l    [\l        \"root\",\l    ],\l)\l" ]
    1 [ label = "Path(\l    \"/todos\",\l    [\l        \"path_2r0poc4Efl\",\l    ],\l)\l" ]
    2 [ label = "HttpMethod(\l    \"GET\",\l    [\l        \"request_eaGDFPq9ha\",\l        \"request_p8FwHVQwXH\",\l    ],\l)\l" ]
    3 [ label = "HttpStatusCode(\l    200,\l    [\l        \"response_7XA4cz1Jq4\",\l        \"response_fr6lmtes1c\",\l    ],\l)\l" ]
    2 -> 1 [ label = "IsChildOf\l" ]
    3 -> 2 [ label = "IsChildOf\l" ]
}

