---
source: workspaces/optic-engine-native/tests/domain-conflict-scenarios-generated.rs
expression: "&spec_projection.contributions().to_json_string()"
---
"{}"
