---
source: workspaces/optic-engine-native/tests/domain-conflict-scenarios-generated.rs
expression: diffs
---
[
    UnmatchedResponseBodyContentType(
        UnmatchedResponseBodyContentType {
            interaction_trail: InteractionTrail {
                path: [
                    Method {
                        method: "GET",
                    },
                    ResponseBody {
                        content_type: "application/rson",
                        status_code: 299,
                    },
                ],
            },
            requests_trail: SpecPath(
                SpecPath {
                    path_id: "path_rmPGKep5SW",
                },
            ),
        },
    ),
]
