---
source: workspaces/optic-engine-native/tests/domain-conflict-scenarios-generated.rs
expression: "Dot::with_config(&spec_projection.endpoint().graph, &[])"
---
digraph {
    0 [ label = "PathComponent(\l    \"root\",\l    PathComponentDescriptor {\l        is_parameter: false,\l        name: \"\",\l    },\l)\l" ]
    1 [ label = "PathComponent(\l    \"path_8fRaIiFWPP\",\l    PathComponentDescriptor {\l        is_parameter: false,\l        name: \"posts\",\l    },\l)\l" ]
    2 [ label = "PathComponent(\l    \"path_p6kbd9Kkg7\",\l    PathComponentDescriptor {\l        is_parameter: false,\l        name: \"1\",\l    },\l)\l" ]
    3 [ label = "HttpMethod(\l    \"GET\",\l)\l" ]
    4 [ label = "Request(\l    \"request_kXPYf9Kvz3\",\l    RequestBodyDescriptor {\l        body: None,\l    },\l)\l" ]
    5 [ label = "HttpStatusCode(\l    200,\l)\l" ]
    6 [ label = "Response(\l    \"response_nHVA0oUt5j\",\l    ResponseBodyDescriptor {\l        body: Some(\l            BodyDescriptor {\l                http_content_type: \"application/json\",\l                root_shape_id: \"shape_UzxFqwGJ8h\",\l            },\l        ),\l    },\l)\l" ]
    1 -> 0 [ label = "IsChildOf\l" ]
    2 -> 1 [ label = "IsChildOf\l" ]
    3 -> 2 [ label = "IsChildOf\l" ]
    4 -> 3 [ label = "IsChildOf\l" ]
    5 -> 3 [ label = "IsChildOf\l" ]
    6 -> 5 [ label = "IsChildOf\l" ]
}

