---
source: workspaces/optic-engine-native/tests/domain-conflict-scenarios-generated.rs
expression: "Dot::with_config(&spec_projection.conflicts().graph, &[])"
---
digraph {
    0 [ label = "Path(\l    \"/\",\l    [\l        \"root\",\l    ],\l)\l" ]
    1 [ label = "Path(\l    \"/posts\",\l    [\l        \"path_rmPGKep5SW\",\l        \"path_9Wdr4kyshW\",\l    ],\l)\l" ]
    2 [ label = "Path(\l    \"/profile\",\l    [\l        \"path_CmA4ZrhSXc\",\l        \"path_osi3pD8diw\",\l    ],\l)\l" ]
    3 [ label = "HttpMethod(\l    \"GET\",\l    [\l        \"request_lUXaqigODI\",\l        \"request_w0KmJ5kZIe\",\l    ],\l)\l" ]
    4 [ label = "HttpStatusCode(\l    200,\l    [\l        \"response_zEjgh3n6Uq\",\l        \"response_iQd5ISIZH9\",\l    ],\l)\l" ]
    5 [ label = "HttpMethod(\l    \"GET\",\l    [\l        \"request_ncEWlZU2g3\",\l        \"request_AJISCmgnoU\",\l    ],\l)\l" ]
    6 [ label = "HttpStatusCode(\l    200,\l    [\l        \"response_pan3yNmeiQ\",\l        \"response_HZFYN85Iui\",\l    ],\l)\l" ]
    7 [ label = "Path(\l    \"/comments\",\l    [\l        \"path_8paa69fCfC\",\l    ],\l)\l" ]
    8 [ label = "HttpMethod(\l    \"GET\",\l    [\l        \"request_CEJzcYN3NN\",\l    ],\l)\l" ]
    9 [ label = "HttpStatusCode(\l    200,\l    [\l        \"response_ata4rM8zB1\",\l    ],\l)\l" ]
    3 -> 1 [ label = "IsChildOf\l" ]
    4 -> 3 [ label = "IsChildOf\l" ]
    5 -> 2 [ label = "IsChildOf\l" ]
    6 -> 5 [ label = "IsChildOf\l" ]
    8 -> 7 [ label = "IsChildOf\l" ]
    9 -> 8 [ label = "IsChildOf\l" ]
}

