---
source: workspaces/optic-engine-native/tests/domain-conflict-scenarios-generated.rs
expression: diffs
---
[
    UnmatchedRequestBodyContentType(
        UnmatchedRequestBodyContentType {
            interaction_trail: InteractionTrail {
                path: [
                    Url {
                        path: "/posts",
                    },
                    Method {
                        method: "HEAD",
                    },
                ],
            },
            requests_trail: SpecPath(
                SpecPath {
                    path_id: "path_9Wdr4kyshW",
                },
            ),
        },
    ),
    UnmatchedResponseBodyContentType(
        UnmatchedResponseBodyContentType {
            interaction_trail: InteractionTrail {
                path: [
                    Method {
                        method: "HEAD",
                    },
                    ResponseBody {
                        content_type: "application/json",
                        status_code: 200,
                    },
                ],
            },
            requests_trail: SpecPath(
                SpecPath {
                    path_id: "path_9Wdr4kyshW",
                },
            ),
        },
    ),
]
