---
source: workspaces/optic-engine-native/tests/e2e-scenarios.rs
expression: results
---
[
    UnmatchedResponseBodyShape(
        UnmatchedResponseBodyShape {
            interaction_trail: InteractionTrail {
                path: [
                    ResponseBody {
                        content_type: "application/json",
                        status_code: 200,
                    },
                ],
            },
            requests_trail: SpecResponseBody(
                SpecResponseBody {
                    response_id: "baseline-response_1",
                },
            ),
            shape_diff_result: UnmatchedShape {
                json_trail: JsonTrail {
                    path: [
                        JsonObjectKey {
                            key: "age",
                        },
                    ],
                },
                shape_trail: ShapeTrail {
                    root_shape_id: "baseline-shape_8",
                    path: [
                        ObjectFieldTrail {
                            field_id: "baseline-field_1",
                            field_shape_id: "baseline-shape_2",
                            parent_object_shape_id: "baseline-shape_8",
                        },
                    ],
                },
            },
        },
    ),
]
