---
source: workspaces/optic-engine-native/tests/e2e-scenarios.rs
expression: "Dot::with_config(&spec_projection.endpoint().graph, &[])"
---
digraph {
    0 [ label = "PathComponent(\l    \"root\",\l    PathComponentDescriptor {\l        is_parameter: false,\l        name: \"\",\l    },\l)\l" ]
    1 [ label = "PathComponent(\l    \"path_blfLlMamQG\",\l    PathComponentDescriptor {\l        is_parameter: false,\l        name: \"api\",\l    },\l)\l" ]
    2 [ label = "PathComponent(\l    \"path_eVx6Ev3iEI\",\l    PathComponentDescriptor {\l        is_parameter: false,\l        name: \"f1\",\l    },\l)\l" ]
    3 [ label = "PathComponent(\l    \"path_RQwRDUB18T\",\l    PathComponentDescriptor {\l        is_parameter: true,\l        name: \"year\",\l    },\l)\l" ]
    4 [ label = "PathComponent(\l    \"path_SCQeRkSjzD\",\l    PathComponentDescriptor {\l        is_parameter: false,\l        name: \"drivers\",\l    },\l)\l" ]
    5 [ label = "PathComponent(\l    \"path_M2iaqo5M9p\",\l    PathComponentDescriptor {\l        is_parameter: true,\l        name: \"driver\",\l    },\l)\l" ]
    6 [ label = "PathComponent(\l    \"path_SYRwhqD1XN\",\l    PathComponentDescriptor {\l        is_parameter: false,\l        name: \"results\",\l    },\l)\l" ]
    7 [ label = "HttpMethod(\l    \"GET\",\l)\l" ]
    8 [ label = "Request(\l    \"request_6aJsM8n6C7\",\l    RequestBodyDescriptor {\l        body: None,\l    },\l)\l" ]
    9 [ label = "HttpStatusCode(\l    200,\l)\l" ]
    10 [ label = "Response(\l    \"response_KBRwJqndED\",\l    ResponseBodyDescriptor {\l        body: Some(\l            BodyDescriptor {\l                http_content_type: \"application/json\",\l                root_shape_id: \"shape_GMtxDoA6QP\",\l            },\l        ),\l    },\l)\l" ]
    1 -> 0 [ label = "IsChildOf\l" ]
    2 -> 1 [ label = "IsChildOf\l" ]
    3 -> 2 [ label = "IsChildOf\l" ]
    4 -> 3 [ label = "IsChildOf\l" ]
    5 -> 4 [ label = "IsChildOf\l" ]
    6 -> 5 [ label = "IsChildOf\l" ]
    7 -> 6 [ label = "IsChildOf\l" ]
    8 -> 7 [ label = "IsChildOf\l" ]
    9 -> 7 [ label = "IsChildOf\l" ]
    10 -> 9 [ label = "IsChildOf\l" ]
}

