---
source: workspaces/optic-engine-native/tests/e2e-scenarios.rs
expression: "&spec_projection.shape().to_choice_mapping()"
---
{
  "shape_10": [
    {
      "type": "Array",
      "jsonType": "Array",
      "shapeId": "shape_10",
      "itemShapeId": "shape_9"
    }
  ],
  "shape_11": [
    {
      "type": "Primitive",
      "shapeId": "shape_11",
      "jsonType": "String"
    }
  ],
  "shape_12": [
    {
      "type": "Object",
      "shapeId": "shape_12",
      "jsonType": "Object",
      "fields": [
        {
          "name": "name",
          "fieldId": "field_6",
          "shapeId": "shape_11"
        },
        {
          "name": "colors",
          "fieldId": "field_5",
          "shapeId": "shape_10"
        },
        {
          "name": "age",
          "fieldId": "field_4",
          "shapeId": "shape_7"
        }
      ]
    }
  ],
  "shape_13": [
    {
      "type": "Array",
      "jsonType": "Array",
      "shapeId": "shape_13",
      "itemShapeId": "shape_12"
    }
  ],
  "shape_14": [
    {
      "type": "Object",
      "shapeId": "shape_14",
      "jsonType": "Object",
      "fields": []
    }
  ],
  "shape_7": [
    {
      "type": "Primitive",
      "shapeId": "shape_7",
      "jsonType": "String"
    }
  ],
  "shape_9": [
    {
      "type": "Primitive",
      "shapeId": "shape_9",
      "jsonType": "String"
    }
  ]
}
