---
source: tests/shape_diff.rs
expression: fingerprints
---
[]
