---
source: workspaces/optic-engine-native/tests/shape_diff.rs
expression: results
---
[]
