---
source: workspaces/optic-engine-native/tests/spec_assembler.rs
expression: assembled_events
---
[
    EndpointEvent(
        PathComponentAdded(
            PathComponentAdded {
                path_id: "path_1",
                parent_path_id: "root",
                name: "todos",
                event_context: None,
            },
        ),
    ),
    RfcEvent(
        ContributionAdded(
            ContributionAdded {
                id: "path_1.GET",
                key: "purpose",
                value: "todos",
                event_context: None,
            },
        ),
    ),
    RfcEvent(
        BatchCommitStarted(
            BatchCommitStarted {
                batch_id: "batch-1",
                commit_message: "Add Request and Response for GET /todos",
                event_context: None,
                parent_id: Some(
                    "root",
                ),
            },
        ),
    ),
    EndpointEvent(
        RequestAdded(
            RequestAdded {
                request_id: "request_1",
                path_id: "path_1",
                http_method: "GET",
                event_context: None,
            },
        ),
    ),
    EndpointEvent(
        ResponseAddedByPathAndMethod(
            ResponseAddedByPathAndMethod {
                response_id: "response_1",
                path_id: "path_1",
                http_method: "GET",
                http_status_code: 200,
                event_context: None,
            },
        ),
    ),
    RfcEvent(
        BatchCommitEnded(
            BatchCommitEnded {
                batch_id: "batch-1",
                event_context: None,
            },
        ),
    ),
    RfcEvent(
        BatchCommitStarted(
            BatchCommitStarted {
                batch_id: "batch-2",
                commit_message: "dsasa",
                event_context: None,
                parent_id: Some(
                    "batch-1",
                ),
            },
        ),
    ),
    ShapeEvent(
        ShapeAdded(
            ShapeAdded {
                shape_id: "object_shape_1",
                base_shape_id: "$object",
                parameters: DynamicParameterList(
                    DynamicShapeParametersDescriptor {
                        shape_parameter_ids: [],
                    },
                ),
                name: "",
                event_context: None,
            },
        ),
    ),
    ShapeEvent(
        ShapeAdded(
            ShapeAdded {
                shape_id: "boolean_shape_1",
                base_shape_id: "$boolean",
                parameters: DynamicParameterList(
                    DynamicShapeParametersDescriptor {
                        shape_parameter_ids: [],
                    },
                ),
                name: "",
                event_context: None,
            },
        ),
    ),
    ShapeEvent(
        FieldAdded(
            FieldAdded {
                field_id: "field_1",
                shape_id: "object_shape_1",
                name: "isDone",
                shape_descriptor: FieldShapeFromShape(
                    FieldShapeFromShape {
                        field_id: "field_1",
                        shape_id: "boolean_shape_1",
                    },
                ),
                event_context: None,
            },
        ),
    ),
    EndpointEvent(
        ResponseBodySet(
            ResponseBodySet {
                response_id: "response_1",
                body_descriptor: ShapedBodyDescriptor {
                    http_content_type: "application/json",
                    shape_id: "object_shape_1",
                    is_removed: false,
                },
                event_context: None,
            },
        ),
    ),
    RfcEvent(
        BatchCommitEnded(
            BatchCommitEnded {
                batch_id: "batch-2",
                event_context: None,
            },
        ),
    ),
]
