---
source: workspaces/optic-engine-native/src/commands/endpoint.rs
expression: new_events
---
[
    PathParameterRemoved(
        PathParameterRemoved {
            path_id: "path_1",
            name: "",
            event_context: None,
        },
    ),
]
