---
source: workspaces/optic-engine-native/src/commands/shape.rs
expression: unexisting_field_result.unwrap_err()
---
Validation(
    "Command failed validation: field of shape descriptor must exist to set field shape, \"SetFieldShape(SetFieldShape { shape_descriptor: FieldShapeFromShape(FieldShapeFromShape { field_id: \\\"not-a-field\\\", shape_id: \\\"shape_3\\\" }) })\"",
)
