---
source: workspaces/optic-engine-native/src/commands/endpoint.rs
expression: new_events
---
[
    PathParameterRenamed(
        PathParameterRenamed {
            path_id: "path_1",
            name: "taskId",
            event_context: None,
        },
    ),
]
