---
source: workspaces/optic-engine-native/src/commands/endpoint.rs
expression: unexisting_path_result.unwrap_err()
---
Validation(
    "Command failed validation: path component must exist to rename path component, \"RenamePathComponent(RenamePathComponent { path_id: \\\"not-a-path\\\", name: \\\"tasks\\\" })\"",
)
