---
source: workspaces/optic-engine-native/src/commands/endpoint.rs
expression: unassignable_request_result.unwrap_err()
---
Validation(
    "Command failed validation: request id must be assignable to add request, \"AddRequest(AddRequest { request_id: \\\"request_1\\\", path_id: \\\"path_1\\\", http_method: \\\"POST\\\" })\"",
)
