---
source: workspaces/optic-engine-native/src/commands/shape.rs
expression: new_events
---
[
    FieldShapeSet(
        FieldShapeSet {
            shape_descriptor: FieldShapeFromShape(
                FieldShapeFromShape {
                    field_id: "field_1",
                    shape_id: "shape_3",
                },
            ),
            event_context: None,
        },
    ),
]
