---
source: workspaces/optic-engine-native/src/commands/endpoint.rs
expression: unexisting_path_result.unwrap_err()
---
Validation(
    "Command failed validation: path component must exist to add request, \"AddRequest(AddRequest { request_id: \\\"request_2\\\", path_id: \\\"not-a-path\\\", http_method: \\\"POST\\\" })\"",
)
