---
source: workspaces/optic-engine-native/src/commands/endpoint.rs
expression: renaming_root_result.unwrap_err()
---
Validation(
    "Command failed validation: path id can not be root to rename path component, \"RenamePathComponent(RenamePathComponent { path_id: \\\"root\\\", name: \\\"tasks\\\" })\"",
)
