---
source: workspaces/optic-engine-native/src/learn_shape/result.rs
expression: "&collections_results"
---
(
    Some(
        "test-id-8",
    ),
    [
        ShapeCommand(
            AddShape(
                AddShape {
                    shape_id: "test-id-1",
                    base_shape_id: "$number",
                    name: "",
                },
            ),
        ),
        ShapeCommand(
            AddShape(
                AddShape {
                    shape_id: "test-id-2",
                    base_shape_id: "$list",
                    name: "",
                },
            ),
        ),
        ShapeCommand(
            SetParameterShape(
                SetParameterShape {
                    shape_descriptor: ProviderInShape(
                        ProviderInShape {
                            shape_id: "test-id-2",
                            provider_descriptor: ShapeProvider(
                                ShapeProvider {
                                    shape_id: "test-id-1",
                                },
                            ),
                            consuming_parameter_id: "$listItem",
                        },
                    ),
                },
            ),
        ),
        ShapeCommand(
            AddShape(
                AddShape {
                    shape_id: "test-id-3",
                    base_shape_id: "$number",
                    name: "",
                },
            ),
        ),
        ShapeCommand(
            AddShape(
                AddShape {
                    shape_id: "test-id-4",
                    base_shape_id: "$boolean",
                    name: "",
                },
            ),
        ),
        ShapeCommand(
            AddShape(
                AddShape {
                    shape_id: "test-id-8",
                    base_shape_id: "$object",
                    name: "",
                },
            ),
        ),
        ShapeCommand(
            AddField(
                AddField {
                    field_id: "test-id-5",
                    shape_id: "test-id-8",
                    name: "key1",
                    shape_descriptor: FieldShapeFromShape(
                        FieldShapeFromShape {
                            field_id: "test-id-5",
                            shape_id: "test-id-4",
                        },
                    ),
                },
            ),
        ),
        ShapeCommand(
            AddField(
                AddField {
                    field_id: "test-id-6",
                    shape_id: "test-id-8",
                    name: "key2",
                    shape_descriptor: FieldShapeFromShape(
                        FieldShapeFromShape {
                            field_id: "test-id-6",
                            shape_id: "test-id-3",
                        },
                    ),
                },
            ),
        ),
        ShapeCommand(
            AddField(
                AddField {
                    field_id: "test-id-7",
                    shape_id: "test-id-8",
                    name: "key3",
                    shape_descriptor: FieldShapeFromShape(
                        FieldShapeFromShape {
                            field_id: "test-id-7",
                            shape_id: "test-id-2",
                        },
                    ),
                },
            ),
        ),
    ],
)
